/opt/slurm/data/slurmd/job26534666/slurm_script: line 5: mpirun: command not found
/opt/slurm/data/slurmd/job26534666/slurm_script: line 5: mpirun: command not found
/opt/slurm/data/slurmd/job26534666/slurm_script: line 5: mpirun: command not found
/opt/slurm/data/slurmd/job26534666/slurm_script: line 5: mpirun: command not found
/opt/slurm/data/slurmd/job26534666/slurm_script: line 5: mpirun: command not found
/opt/slurm/data/slurmd/job26534666/slurm_script: line 5: mpirun: command not found
/opt/slurm/data/slurmd/job26534666/slurm_script: line 5: mpirun: command not found
